** Drc report for mainboard_fr.kicad_pcb **
** Created on 2026-10-08T07:19:45 **
** Report includes: Errors **

** Found 6 DRC violations **
[items_not_allowed]: Items not allowed (keepout area 'fr_module_bottom')
    Rule: keepout area 'fr_module_bottom'; error
    @(47.3650 mm, 101.4450 mm): Via [GND] on F.Cu - B.Cu
[items_not_allowed]: Items not allowed (keepout area 'fr_module_bottom')
    Rule: keepout area 'fr_module_bottom'; error
    @(46.5900 mm, 103.1800 mm): Via [GND] on F.Cu - B.Cu
[items_not_allowed]: Items not allowed
    Local override; error
    @(49.2900 mm, 112.8300 mm): Track [GND] on B.Cu, length 1.1500 mm
[items_not_allowed]: Items not allowed
    Local override; error
    @(49.2900 mm, 111.6800 mm): Track [GND] on B.Cu, length 7.9497 mm
[items_not_allowed]: Items not allowed
    Local override; error
    @(49.2900 mm, 96.4800 mm): Track [GND] on B.Cu, length 10.0796 mm
[items_not_allowed]: Items not allowed
    Local override; error
    @(49.2900 mm, 95.3300 mm): Track [GND] on B.Cu, length 1.1500 mm

** Found 180 unconnected pads **
[unconnected_items]: Missing connection between items
    Local override; error
    @(5.3000 mm, 122.4450 mm): Pad 1 [GND] of C13 on F.Cu
    @(6.8500 mm, 122.3700 mm): Pad 5 [GND] of U4 on F.Cu
[unconnected_items]: Missing connection between items
    Local override; error
    @(7.0000 mm, 109.7950 mm): Pad 2 [GND] of C7 on F.Cu
    @(7.6000 mm, 113.6700 mm): Via [GND] on F.Cu - B.Cu
[unconnected_items]: Missing connection between items
    Local override; error
    @(8.2000 mm, 122.7200 mm): Pad 7 [GND] of U4 on F.Cu
    @(6.8500 mm, 122.3700 mm): Pad 5 [GND] of U4 on F.Cu
[unconnected_items]: Missing connection between items
    Local override; error
    @(8.2000 mm, 122.7200 mm): Pad 7 [GND] of U4 on F.Cu
    @(9.5500 mm, 121.8700 mm): Pad 10 [GND] of U4 on F.Cu
[unconnected_items]: Missing connection between items
    Local override; error
    @(8.4500 mm, 141.3680 mm): Pad 1 [GND] of U8 on F.Cu
    @(9.2000 mm, 140.4300 mm): Pad 9 [GND] of U8 on F.Cu
[unconnected_items]: Missing connection between items
    Local override; error
    @(8.9750 mm, 155.3700 mm): Pad 2 [GND] of C10 on F.Cu
    @(9.0250 mm, 153.3700 mm): Pad 2 [GND] of R15 on F.Cu
[unconnected_items]: Missing connection between items
    Local override; error
    @(9.0250 mm, 153.3700 mm): Pad 2 [GND] of R15 on F.Cu
    @(13.3700 mm, 151.5550 mm): Pad 1 [GND] of SW11 on F.Cu
[unconnected_items]: Missing connection between items
    Local override; error
    @(9.1750 mm, 118.5700 mm): Pad 2 [GND] of C9 on F.Cu
    @(9.3000 mm, 113.6700 mm): Track [GND] on F.Cu, length 1.7000 mm
[unconnected_items]: Missing connection between items
    Local override; error
    @(9.2000 mm, 140.4300 mm): Pad 9 [GND] of U8 on F.Cu
    @(9.4500 mm, 139.4920 mm): Pad 6 [GND] of U8 on F.Cu
[unconnected_items]: Missing connection between items
    Local override; error
    @(9.2000 mm, 140.4300 mm): Pad 9 [GND] of U8 on F.Cu
    @(9.9500 mm, 141.3680 mm): Pad 4 [GND] of U8 on F.Cu
[unconnected_items]: Missing connection between items
    Local override; error
    @(9.5500 mm, 120.8700 mm): Pad 12 [GND] of U4 on F.Cu
    @(11.4000 mm, 120.1200 mm): Pad 1 [GND] of C14 on F.Cu
[unconnected_items]: Missing connection between items
    Local override; error
    @(9.5500 mm, 120.8700 mm): Pad 12 [GND] of U4 on F.Cu
    @(9.1750 mm, 118.5700 mm): Pad 2 [GND] of C9 on F.Cu
[unconnected_items]: Missing connection between items
    Local override; error
    @(9.5500 mm, 121.8700 mm): Pad 10 [GND] of U4 on F.Cu
    @(9.5500 mm, 120.8700 mm): Pad 12 [GND] of U4 on F.Cu
[unconnected_items]: Missing connection between items
    Local override; error
    @(9.9500 mm, 141.3680 mm): Pad 4 [GND] of U8 on F.Cu
    @(9.9750 mm, 143.0300 mm): Pad 2 [GND] of C18 on F.Cu
[unconnected_items]: Missing connection between items
    Local override; error
    @(13.3700 mm, 139.5550 mm): Pad 1 [GND] of SW8 on F.Cu
    @(9.9500 mm, 141.3680 mm): Pad 4 [GND] of U8 on F.Cu
[unconnected_items]: Missing connection between items
    Local override; error
    @(13.8200 mm, 97.1780 mm): Pad 3 [GND] of U7 on F.Cu
    @(13.9450 mm, 98.7800 mm): Pad 2 [GND] of C17 on F.Cu
[unconnected_items]: Missing connection between items
    Local override; error
    @(13.9450 mm, 98.7800 mm): Pad 2 [GND] of C17 on F.Cu
    @(16.0200 mm, 98.2100 mm): Pad 2 [GND] of U6 on F.Cu
[unconnected_items]: Missing connection between items
    Local override; error
    @(15.2500 mm, 113.2500 mm): Via [GND] on F.Cu - B.Cu
    @(14.9750 mm, 110.6000 mm): Pad 2 [GND] of C8 on F.Cu
[unconnected_items]: Missing connection between items
    Local override; error
    @(16.0000 mm, 92.4600 mm): Pad 1 [GND] of TP2 on B.Cu
    @(15.9700 mm, 68.9868 mm): Pad 52 [GND] of J1 on F.Cu
[unconnected_items]: Missing connection between items
    Local override; error
    @(16.0200 mm, 95.6700 mm): Pad 1 [GND] of U6 on F.Cu
    @(16.0000 mm, 92.4600 mm): Pad 1 [GND] of TP2 on B.Cu
[unconnected_items]: Missing connection between items
    Local override; error
    @(16.0200 mm, 98.2100 mm): Pad 2 [GND] of U6 on F.Cu
    @(16.0200 mm, 95.6700 mm): Pad 1 [GND] of U6 on F.Cu
[unconnected_items]: Missing connection between items
    Local override; error
    @(16.0200 mm, 98.2100 mm): Pad 2 [GND] of U6 on F.Cu
    @(21.9200 mm, 101.0400 mm): Pad 2 [GND] of C16 on F.Cu
[unconnected_items]: Missing connection between items
    Local override; error
    @(16.3700 mm, 116.0550 mm): Pad 1 [GND] of SW4 on F.Cu
    @(15.2500 mm, 113.2500 mm): Via [GND] on F.Cu - B.Cu
[unconnected_items]: Missing connection between items
    Local override; error
    @(18.1200 mm, 66.2868 mm): Pad 1 [GND] of J1 on F.Cu
    @(18.6200 mm, 66.2868 mm): Pad 2 [GND] of J1 on F.Cu
[unconnected_items]: Missing connection between items
    Local override; error
    @(18.1200 mm, 66.2868 mm): Pad 1 [GND] of J1 on F.Cu
    @(15.9700 mm, 68.9868 mm): Pad 52 [GND] of J1 on F.Cu
[unconnected_items]: Missing connection between items
    Local override; error
    @(18.6200 mm, 66.2868 mm): Pad 2 [GND] of J1 on F.Cu
    @(19.1200 mm, 66.2868 mm): Pad 3 [GND] of J1 on F.Cu
[unconnected_items]: Missing connection between items
    Local override; error
    @(19.3700 mm, 139.5550 mm): Pad 1 [GND] of SW8 on F.Cu
    @(27.3700 mm, 139.5550 mm): Pad 1 [GND] of SW7 on F.Cu
[unconnected_items]: Missing connection between items
    Local override; error
    @(19.3700 mm, 151.5550 mm): Pad 1 [GND] of SW11 on F.Cu
    @(27.3700 mm, 151.5550 mm): Pad 1 [GND] of SW10 on F.Cu
[unconnected_items]: Missing connection between items
    Local override; error
    @(19.3700 mm, 151.5550 mm): Pad 1 [GND] of SW11 on F.Cu
    @(17.3700 mm, 161.5550 mm): Pad 1 [GND] of SW13 on F.Cu
[unconnected_items]: Missing connection between items
    Local override; error
    @(21.6200 mm, 66.2868 mm): Pad 8 [GND] of J1 on F.Cu
    @(19.1200 mm, 66.2868 mm): Pad 3 [GND] of J1 on F.Cu
[unconnected_items]: Missing connection between items
    Local override; error
    @(21.6200 mm, 66.2868 mm): Pad 8 [GND] of J1 on F.Cu
    @(24.1200 mm, 66.2868 mm): Pad 13 [GND] of J1 on F.Cu
[unconnected_items]: Missing connection between items
    Local override; error
    @(23.7700 mm, 172.4050 mm): Pad 2 [GND] of R17 on F.Cu
    @(26.0500 mm, 174.7000 mm): PTH pad SH [GND] of J3
[unconnected_items]: Missing connection between items
    Local override; error
    @(26.1200 mm, 66.2868 mm): Pad 17 [GND] of J1 on F.Cu
    @(24.1200 mm, 66.2868 mm): Pad 13 [GND] of J1 on F.Cu
[unconnected_items]: Missing connection between items
    Local override; error
    @(26.1200 mm, 66.2868 mm): Pad 17 [GND] of J1 on F.Cu
    @(31.1200 mm, 66.2868 mm): Pad 27 [GND] of J1 on F.Cu
[unconnected_items]: Missing connection between items
    Local override; error
    @(27.1200 mm, 173.7850 mm): Pad A1 [GND] of J3 on F.Cu
    @(26.0500 mm, 174.7000 mm): PTH pad SH [GND] of J3
[unconnected_items]: Missing connection between items
    Local override; error
    @(27.3700 mm, 105.0550 mm): Pad 1 [GND] of SW1 on F.Cu
    @(21.9200 mm, 101.0400 mm): Pad 2 [GND] of C16 on F.Cu
[unconnected_items]: Missing connection between items
    Local override; error
    @(27.3700 mm, 127.0550 mm): Pad 1 [GND] of SW5 on F.Cu
    @(27.3700 mm, 116.0550 mm): Pad 1 [GND] of SW3 on F.Cu
[unconnected_items]: Missing connection between items
    Local override; error
    @(29.4325 mm, 13.6700 mm): Track [GND] on F.Cu, length 1.6406 mm
    @(30.3700 mm, 7.9450 mm): Pad 2 [GND] of C6 on F.Cu
[unconnected_items]: Missing connection between items
    Local override; error
    @(31.1200 mm, 66.2868 mm): Pad 27 [GND] of J1 on F.Cu
    @(31.6200 mm, 66.2868 mm): Pad 28 [GND] of J1 on F.Cu
[unconnected_items]: Missing connection between items
    Local override; error
    @(31.1200 mm, 66.2868 mm): Pad 27 [GND] of J1 on F.Cu
    @(29.4325 mm, 13.6700 mm): Track [GND] on F.Cu, length 1.6406 mm
[unconnected_items]: Missing connection between items
    Local override; error
    @(31.6200 mm, 66.2868 mm): Pad 28 [GND] of J1 on F.Cu
    @(32.1200 mm, 66.2868 mm): Pad 29 [GND] of J1 on F.Cu
[unconnected_items]: Missing connection between items
    Local override; error
    @(32.6200 mm, 66.2868 mm): Pad 30 [GND] of J1 on F.Cu
    @(32.1200 mm, 66.2868 mm): Pad 29 [GND] of J1 on F.Cu
[unconnected_items]: Missing connection between items
    Local override; error
    @(33.1200 mm, 66.2868 mm): Pad 31 [GND] of J1 on F.Cu
    @(32.6200 mm, 66.2868 mm): Pad 30 [GND] of J1 on F.Cu
[unconnected_items]: Missing connection between items
    Local override; error
    @(33.3700 mm, 116.0550 mm): Pad 1 [GND] of SW3 on F.Cu
    @(38.3700 mm, 116.0550 mm): Pad 1 [GND] of SW2 on F.Cu
[unconnected_items]: Missing connection between items
    Local override; error
    @(33.3700 mm, 151.5550 mm): Pad 1 [GND] of SW10 on F.Cu
    @(41.3700 mm, 151.5550 mm): Pad 1 [GND] of SW9 on F.Cu
[unconnected_items]: Missing connection between items
    Local override; error
    @(33.6200 mm, 66.2868 mm): Pad 32 [GND] of J1 on F.Cu
    @(33.1200 mm, 66.2868 mm): Pad 31 [GND] of J1 on F.Cu
[unconnected_items]: Missing connection between items
    Local override; error
    @(33.6200 mm, 173.7850 mm): Pad A12 [GND] of J3 on F.Cu
    @(34.6900 mm, 174.7000 mm): PTH pad SH [GND] of J3
[unconnected_items]: Missing connection between items
    Local override; error
    @(34.1200 mm, 66.2868 mm): Pad 33 [GND] of J1 on F.Cu
    @(33.6200 mm, 66.2868 mm): Pad 32 [GND] of J1 on F.Cu
[unconnected_items]: Missing connection between items
    Local override; error
    @(34.6200 mm, 66.2868 mm): Pad 34 [GND] of J1 on F.Cu
    @(34.1200 mm, 66.2868 mm): Pad 33 [GND] of J1 on F.Cu
[unconnected_items]: Missing connection between items
    Local override; error
    @(34.6900 mm, 174.7000 mm): PTH pad SH [GND] of J3
    @(36.9700 mm, 172.4050 mm): Pad 2 [GND] of R18 on F.Cu
[unconnected_items]: Missing connection between items
    Local override; error
    @(35.1200 mm, 66.2868 mm): Pad 35 [GND] of J1 on F.Cu
    @(34.6200 mm, 66.2868 mm): Pad 34 [GND] of J1 on F.Cu
[unconnected_items]: Missing connection between items
    Local override; error
    @(35.6200 mm, 66.2868 mm): Pad 36 [GND] of J1 on F.Cu
    @(35.1200 mm, 66.2868 mm): Pad 35 [GND] of J1 on F.Cu
[unconnected_items]: Missing connection between items
    Local override; error
    @(36.1200 mm, 66.2868 mm): Pad 37 [GND] of J1 on F.Cu
    @(35.6200 mm, 66.2868 mm): Pad 36 [GND] of J1 on F.Cu
[unconnected_items]: Missing connection between items
    Local override; error
    @(36.6200 mm, 66.2868 mm): Pad 38 [GND] of J1 on F.Cu
    @(36.1200 mm, 66.2868 mm): Pad 37 [GND] of J1 on F.Cu
[unconnected_items]: Missing connection between items
    Local override; error
    @(37.1200 mm, 66.2868 mm): Pad 39 [GND] of J1 on F.Cu
    @(36.6200 mm, 66.2868 mm): Pad 38 [GND] of J1 on F.Cu
[unconnected_items]: Missing connection between items
    Local override; error
    @(37.6200 mm, 66.2868 mm): Pad 40 [GND] of J1 on F.Cu
    @(37.1200 mm, 66.2868 mm): Pad 39 [GND] of J1 on F.Cu
[unconnected_items]: Missing connection between items
    Local override; error
    @(37.6200 mm, 66.2868 mm): Pad 40 [GND] of J1 on F.Cu
    @(38.6200 mm, 66.2868 mm): Pad 42 [GND] of J1 on F.Cu
[unconnected_items]: Missing connection between items
    Local override; error
    @(41.3700 mm, 139.5550 mm): Pad 1 [GND] of SW6 on F.Cu
    @(33.3700 mm, 139.5550 mm): Pad 1 [GND] of SW7 on F.Cu
[unconnected_items]: Missing connection between items
    Local override; error
    @(49.2900 mm, 111.6800 mm): Track [GND] on B.Cu, length 7.9497 mm
    @(45.6400 mm, 105.9800 mm): Pad 1 [GND] of C5 on F.Cu
[unconnected_items]: Missing connection between items
    Local override; error
    @(44.3700 mm, 116.0550 mm): Pad 1 [GND] of SW2 on F.Cu
    @(43.9900 mm, 117.0800 mm): Pad 1 [GND] of TP4 on B.Cu
[unconnected_items]: Missing connection between items
    Local override; error
    @(44.7700 mm, 68.9868 mm): Pad 51 [GND] of J1 on F.Cu
    @(38.6200 mm, 66.2868 mm): Pad 42 [GND] of J1 on F.Cu
[unconnected_items]: Missing connection between items
    Local override; error
    @(45.6400 mm, 105.9800 mm): Pad 1 [GND] of C5 on F.Cu
    @(45.6400 mm, 108.0800 mm): Pad 1 [GND] of C1 on F.Cu
[unconnected_items]: Missing connection between items
    Local override; error
    @(45.8150 mm, 109.9800 mm): Pad 1 [GND] of C2 on F.Cu
    @(44.3650 mm, 109.8800 mm): Pad 2 [GND] of C3 on F.Cu
[unconnected_items]: Missing connection between items
    Local override; error
    @(45.8150 mm, 109.9800 mm): Pad 1 [GND] of C2 on F.Cu
    @(45.6400 mm, 108.0800 mm): Pad 1 [GND] of C1 on F.Cu
[unconnected_items]: Missing connection between items
    Local override; error
    @(47.3700 mm, 94.3050 mm): Pad 1 [GND] of SW14 on F.Cu
    @(49.2900 mm, 95.3300 mm): Track [GND] on B.Cu, length 1.1500 mm
[unconnected_items]: Missing connection between items
    Local override; error
    @(48.1400 mm, 166.5450 mm): Pad 2 [GND] of R19 on F.Cu
    @(43.3700 mm, 161.5550 mm): Pad 1 [GND] of SW12 on F.Cu
[unconnected_items]: Missing connection between items
    Local override; error
    @(48.1400 mm, 166.5450 mm): Pad 2 [GND] of R19 on F.Cu
    @(53.6900 mm, 161.9700 mm): Pad 2 [GND] of C11 on F.Cu
[unconnected_items]: Missing connection between items
    Local override; error
    @(49.9400 mm, 149.9450 mm): Pad 2 [GND] of R16 on F.Cu
    @(47.3700 mm, 151.5550 mm): Pad 1 [GND] of SW9 on F.Cu
[unconnected_items]: Missing connection between items
    Local override; error
    @(49.9400 mm, 149.9450 mm): Pad 2 [GND] of R16 on F.Cu
    @(54.8900 mm, 149.7700 mm): Pad 2 [GND] of C12 on F.Cu
[unconnected_items]: Missing connection between items
    Local override; error
    @(50.8350 mm, 158.8450 mm): Pad 1 [GND] of U5 on F.Cu
    @(51.8400 mm, 156.9200 mm): Via [GND] on F.Cu - B.Cu
[unconnected_items]: Missing connection between items
    Local override; error
    @(51.8400 mm, 155.8200 mm): Via [GND] on F.Cu - B.Cu
    @(49.9400 mm, 149.9450 mm): Pad 2 [GND] of R16 on F.Cu
[unconnected_items]: Missing connection between items
    Local override; error
    @(53.6400 mm, 156.9200 mm): Via [GND] on F.Cu - B.Cu
    @(53.3750 mm, 158.8450 mm): Pad 3 [GND] of U5 on F.Cu
[unconnected_items]: Missing connection between items
    Local override; error
    @(53.6900 mm, 161.9700 mm): Pad 2 [GND] of C11 on F.Cu
    @(53.3750 mm, 158.8450 mm): Pad 3 [GND] of U5 on F.Cu
[unconnected_items]: Missing connection between items
    Local override; error
    @(54.0150 mm, 141.6300 mm): Pad 2 [GND] of C15 on F.Cu
    @(47.3700 mm, 139.5550 mm): Pad 1 [GND] of SW6 on F.Cu
[unconnected_items]: Missing connection between items
    Local override; error
    @(54.0150 mm, 141.6300 mm): Pad 2 [GND] of C15 on F.Cu
    @(54.8900 mm, 149.7700 mm): Pad 2 [GND] of C12 on F.Cu
[unconnected_items]: Missing connection between items
    Local override; error
    @(54.8400 mm, 135.0050 mm): Pad 2 [GND] of R9 on F.Cu
    @(52.3025 mm, 132.9800 mm): Pad 2 [GND] of Q2 on F.Cu
[unconnected_items]: Missing connection between items
    Local override; error
    @(54.8400 mm, 135.0050 mm): Pad 2 [GND] of R9 on F.Cu
    @(54.0150 mm, 141.6300 mm): Pad 2 [GND] of C15 on F.Cu
[unconnected_items]: Missing connection between items
    Local override; error
    @(19.3700 mm, 155.3050 mm): Pad 2 [K_YT] of SW11 on F.Cu
    @(31.7900 mm, 108.5250 mm): Pad 17 [K_YT] of U1 on B.Cu
[unconnected_items]: Missing connection between items
    Local override; error
    @(6.8500 mm, 120.3700 mm): Pad 1 [3V3] of U4 on F.Cu
    @(7.3750 mm, 135.3700 mm): Pad 1 [3V3] of R12 on F.Cu
[unconnected_items]: Missing connection between items
    Local override; error
    @(7.3750 mm, 137.3700 mm): Pad 1 [3V3] of R13 on F.Cu
    @(7.3750 mm, 135.3700 mm): Pad 1 [3V3] of R12 on F.Cu
[unconnected_items]: Missing connection between items
    Local override; error
    @(7.6250 mm, 118.5700 mm): Pad 1 [3V3] of C9 on F.Cu
    @(8.7000 mm, 120.0200 mm): Pad 14 [3V3] of U4 on F.Cu
[unconnected_items]: Missing connection between items
    Local override; error
    @(7.6250 mm, 118.5700 mm): Pad 1 [3V3] of C9 on F.Cu
    @(7.0000 mm, 115.1450 mm): Pad 2 [3V3] of R11 on F.Cu
[unconnected_items]: Missing connection between items
    Local override; error
    @(8.7000 mm, 120.0200 mm): Pad 14 [3V3] of U4 on F.Cu
    @(6.8500 mm, 120.3700 mm): Pad 1 [3V3] of U4 on F.Cu
[unconnected_items]: Missing connection between items
    Local override; error
    @(8.7000 mm, 120.0200 mm): Pad 14 [3V3] of U4 on F.Cu
    @(11.4000 mm, 118.2200 mm): Pad 2 [3V3] of C14 on F.Cu
[unconnected_items]: Missing connection between items
    Local override; error
    @(12.3950 mm, 98.7800 mm): Pad 1 [3V3] of C17 on F.Cu
    @(12.5200 mm, 97.1780 mm): Pad 1 [3V3] of U7 on F.Cu
[unconnected_items]: Missing connection between items
    Local override; error
    @(13.5000 mm, 112.1700 mm): Pad 10 [3V3] of U3 on F.Cu
    @(13.4250 mm, 110.6000 mm): Pad 1 [3V3] of C8 on F.Cu
[unconnected_items]: Missing connection between items
    Local override; error
    @(13.5000 mm, 112.1700 mm): Pad 10 [3V3] of U3 on F.Cu
    @(11.4000 mm, 118.2200 mm): Pad 2 [3V3] of C14 on F.Cu
[unconnected_items]: Missing connection between items
    Local override; error
    @(16.5450 mm, 101.0400 mm): Pad 1 [3V3] of R20 on F.Cu
    @(12.3950 mm, 98.7800 mm): Pad 1 [3V3] of C17 on F.Cu
[unconnected_items]: Missing connection between items
    Local override; error
    @(16.5450 mm, 101.0400 mm): Pad 1 [3V3] of R20 on F.Cu
    @(13.4250 mm, 110.6000 mm): Pad 1 [3V3] of C8 on F.Cu
[unconnected_items]: Missing connection between items
    Local override; error
    @(16.5450 mm, 101.0400 mm): Pad 1 [3V3] of R20 on F.Cu
    @(42.7650 mm, 111.5800 mm): Pad 1 [3V3] of R1 on F.Cu
[unconnected_items]: Missing connection between items
    Local override; error
    @(22.1200 mm, 66.2868 mm): Pad 9 [3V3] of J1 on F.Cu
    @(12.5200 mm, 97.1780 mm): Pad 1 [3V3] of U7 on F.Cu
[unconnected_items]: Missing connection between items
    Local override; error
    @(22.6200 mm, 66.2868 mm): Pad 10 [3V3] of J1 on F.Cu
    @(22.1200 mm, 66.2868 mm): Pad 9 [3V3] of J1 on F.Cu
[unconnected_items]: Missing connection between items
    Local override; error
    @(23.1200 mm, 66.2868 mm): Pad 11 [3V3] of J1 on F.Cu
    @(22.6200 mm, 66.2868 mm): Pad 10 [3V3] of J1 on F.Cu
[unconnected_items]: Missing connection between items
    Local override; error
    @(25.6200 mm, 66.2868 mm): Pad 16 [3V3] of J1 on F.Cu
    @(23.1200 mm, 66.2868 mm): Pad 11 [3V3] of J1 on F.Cu
[unconnected_items]: Missing connection between items
    Local override; error
    @(39.1200 mm, 66.2868 mm): Pad 43 [3V3] of J1 on F.Cu
    @(25.6200 mm, 66.2868 mm): Pad 16 [3V3] of J1 on F.Cu
[unconnected_items]: Missing connection between items
    Local override; error
    @(39.6200 mm, 66.2868 mm): Pad 44 [3V3] of J1 on F.Cu
    @(39.1200 mm, 66.2868 mm): Pad 43 [3V3] of J1 on F.Cu
[unconnected_items]: Missing connection between items
    Local override; error
    @(47.5400 mm, 108.0800 mm): Track [3V3] on F.Cu, length 1.9080 mm
    @(42.7650 mm, 111.5800 mm): Pad 1 [3V3] of R1 on F.Cu
[unconnected_items]: Missing connection between items
    Local override; error
    @(52.4150 mm, 139.8300 mm): Pad 1 [3V3] of R10 on F.Cu
    @(47.7500 mm, 110.3800 mm): Track [3V3] on F.Cu, length 4.9000 mm
[unconnected_items]: Missing connection between items
    Local override; error
    @(5.3000 mm, 120.8950 mm): Pad 2 [ACC_BYP] of C13 on F.Cu
    @(6.8500 mm, 120.8700 mm): Pad 2 [ACC_BYP] of U4 on F.Cu
[unconnected_items]: Missing connection between items
    Local override; error
    @(6.8500 mm, 121.8700 mm): Pad 4 [SCL] of U4 on F.Cu
    @(9.3000 mm, 112.6700 mm): Pad 2 [SCL] of U3 on F.Cu
[unconnected_items]: Missing connection between items
    Local override; error
    @(8.9500 mm, 139.4920 mm): Pad 7 [SCL] of U8 on F.Cu
    @(9.0250 mm, 137.3700 mm): Pad 2 [SCL] of R13 on F.Cu
[unconnected_items]: Missing connection between items
    Local override; error
    @(9.0250 mm, 137.3700 mm): Pad 2 [SCL] of R13 on F.Cu
    @(6.8500 mm, 121.8700 mm): Pad 4 [SCL] of U4 on F.Cu
[unconnected_items]: Missing connection between items
    Local override; error
    @(13.8200 mm, 95.1820 mm): Pad 4 [SCL] of U7 on F.Cu
    @(9.3000 mm, 112.6700 mm): Pad 2 [SCL] of U3 on F.Cu
[unconnected_items]: Missing connection between items
    Local override; error
    @(13.8200 mm, 95.1820 mm): Pad 4 [SCL] of U7 on F.Cu
    @(21.1200 mm, 66.2868 mm): Pad 7 [SCL] of J1 on F.Cu
[unconnected_items]: Missing connection between items
    Local override; error
    @(31.7900 mm, 98.3650 mm): Pad 25 [SCL] of U1 on B.Cu
    @(13.8200 mm, 95.1820 mm): Pad 4 [SCL] of U7 on F.Cu
[unconnected_items]: Missing connection between items
    Local override; error
    @(7.7000 mm, 122.7200 mm): Pad 6 [SDA] of U4 on F.Cu
    @(9.0250 mm, 135.3700 mm): Pad 2 [SDA] of R12 on F.Cu
[unconnected_items]: Missing connection between items
    Local override; error
    @(8.4500 mm, 139.4920 mm): Pad 8 [SDA] of U8 on F.Cu
    @(9.0250 mm, 135.3700 mm): Pad 2 [SDA] of R12 on F.Cu
[unconnected_items]: Missing connection between items
    Local override; error
    @(9.3000 mm, 113.1700 mm): Pad 3 [SDA] of U3 on F.Cu
    @(7.7000 mm, 122.7200 mm): Pad 6 [SDA] of U4 on F.Cu
[unconnected_items]: Missing connection between items
    Local override; error
    @(12.5200 mm, 95.1820 mm): Pad 6 [SDA] of U7 on F.Cu
    @(9.3000 mm, 113.1700 mm): Pad 3 [SDA] of U3 on F.Cu
[unconnected_items]: Missing connection between items
    Local override; error
    @(20.6200 mm, 66.2868 mm): Pad 6 [SDA] of J1 on F.Cu
    @(12.5200 mm, 95.1820 mm): Pad 6 [SDA] of U7 on F.Cu
[unconnected_items]: Missing connection between items
    Local override; error
    @(31.7900 mm, 99.6350 mm): Pad 24 [SDA] of U1 on B.Cu
    @(12.5200 mm, 95.1820 mm): Pad 6 [SDA] of U7 on F.Cu
[unconnected_items]: Missing connection between items
    Local override; error
    @(9.5500 mm, 121.3700 mm): Pad 11 [ACC_INT] of U4 on F.Cu
    @(47.0100 mm, 95.3300 mm): Pad 38 [ACC_INT] of U1 on B.Cu
[unconnected_items]: Missing connection between items
    Local override; error
    @(40.6600 mm, 112.8300 mm): Pad 8 [K_BACK] of U1 on B.Cu
    @(41.3700 mm, 143.3050 mm): Pad 2 [K_BACK] of SW6 on F.Cu
[unconnected_items]: Missing connection between items
    Local override; error
    @(33.3700 mm, 130.8050 mm): Pad 2 [K_DOWN] of SW5 on F.Cu
    @(41.9300 mm, 112.8300 mm): Pad 7 [K_DOWN] of U1 on B.Cu
[unconnected_items]: Missing connection between items
    Local override; error
    @(33.3700 mm, 155.3050 mm): Pad 2 [K_NFLX] of SW10 on F.Cu
    @(35.5800 mm, 112.8300 mm): Pad 12 [K_NFLX] of U1 on B.Cu
[unconnected_items]: Missing connection between items
    Local override; error
    @(21.9200 mm, 98.2100 mm): Pad 3 [IR_RX] of U6 on F.Cu
    @(43.2000 mm, 95.3300 mm): Pad 35 [IR_RX] of U1 on B.Cu
[unconnected_items]: Missing connection between items
    Local override; error
    @(18.1950 mm, 101.0400 mm): Pad 2 [IRRX_V] of R20 on F.Cu
    @(20.0200 mm, 101.0400 mm): Pad 1 [IRRX_V] of C16 on F.Cu
[unconnected_items]: Missing connection between items
    Local override; error
    @(20.0200 mm, 101.0400 mm): Pad 1 [IRRX_V] of C16 on F.Cu
    @(21.9200 mm, 95.6700 mm): Pad 4 [IRRX_V] of U6 on F.Cu
[unconnected_items]: Missing connection between items
    Local override; error
    @(49.9400 mm, 151.5950 mm): Pad 1 [PROG] of R16 on F.Cu
    @(52.1050 mm, 158.8450 mm): Pad 2 [PROG] of U5 on F.Cu
[unconnected_items]: Missing connection between items
    Local override; error
    @(27.9200 mm, 173.7850 mm): Pad A4 [VBUS] of J3 on F.Cu
    @(32.8200 mm, 173.7850 mm): Pad A9 [VBUS] of J3 on F.Cu
[unconnected_items]: Missing connection between items
    Local override; error
    @(32.8200 mm, 173.7850 mm): Pad A9 [VBUS] of J3 on F.Cu
    @(48.1400 mm, 168.1950 mm): Pad 1 [VBUS] of R19 on F.Cu
[unconnected_items]: Missing connection between items
    Local override; error
    @(48.1400 mm, 168.1950 mm): Pad 1 [VBUS] of R19 on F.Cu
    @(51.6025 mm, 167.4200 mm): Pad 1 [VBUS] of Q3 on F.Cu
[unconnected_items]: Missing connection between items
    Local override; error
    @(51.6025 mm, 167.4200 mm): Pad 1 [VBUS] of Q3 on F.Cu
    @(54.1900 mm, 164.9700 mm): Pad 2 [VBUS] of D3 on F.Cu
[unconnected_items]: Missing connection between items
    Local override; error
    @(54.1900 mm, 164.9700 mm): Pad 2 [VBUS] of D3 on F.Cu
    @(51.7900 mm, 161.9700 mm): Pad 1 [VBUS] of C11 on F.Cu
[unconnected_items]: Missing connection between items
    Local override; error
    @(54.6450 mm, 158.8450 mm): Pad 4 [VBUS] of U5 on F.Cu
    @(51.7900 mm, 161.9700 mm): Pad 1 [VBUS] of C11 on F.Cu
[unconnected_items]: Missing connection between items
    Local override; error
    @(54.6450 mm, 158.8450 mm): Pad 4 [VBUS] of U5 on F.Cu
    @(50.8350 mm, 153.8950 mm): Pad 8 [VBUS] of U5 on F.Cu
[unconnected_items]: Missing connection between items
    Local override; error
    @(7.3750 mm, 151.3700 mm): Pad 1 [VBAT] of R14 on F.Cu
    @(8.4250 mm, 143.0300 mm): Pad 1 [VBAT] of C18 on F.Cu
[unconnected_items]: Missing connection between items
    Local override; error
    @(12.0000 mm, 92.4600 mm): Pad 1 [VBAT] of TP1 on B.Cu
    @(9.2000 mm, 141.3680 mm): Track [VBAT] on F.Cu, length 0.2500 mm
[unconnected_items]: Missing connection between items
    Local override; error
    @(52.9900 mm, 149.7700 mm): Pad 1 [VBAT] of C12 on F.Cu
    @(9.2000 mm, 141.3680 mm): Track [VBAT] on F.Cu, length 0.2500 mm
[unconnected_items]: Missing connection between items
    Local override; error
    @(53.4775 mm, 168.3700 mm): Pad 3 [VBAT] of Q3 on F.Cu
    @(54.6450 mm, 153.8950 mm): Pad 5 [VBAT] of U5 on F.Cu
[unconnected_items]: Missing connection between items
    Local override; error
    @(54.6450 mm, 153.8950 mm): Pad 5 [VBAT] of U5 on F.Cu
    @(52.9900 mm, 149.7700 mm): Pad 1 [VBAT] of C12 on F.Cu
[unconnected_items]: Missing connection between items
    Local override; error
    @(31.7900 mm, 111.0650 mm): Pad 15 [STDBY] of U1 on B.Cu
    @(53.3750 mm, 153.8950 mm): Pad 6 [STDBY] of U5 on F.Cu
[unconnected_items]: Missing connection between items
    Local override; error
    @(31.7900 mm, 104.7150 mm): Pad 20 [CHRG] of U1 on B.Cu
    @(52.1050 mm, 153.8950 mm): Pad 7 [CHRG] of U5 on F.Cu
[unconnected_items]: Missing connection between items
    Local override; error
    @(7.3750 mm, 153.3700 mm): Pad 1 [VBAT_ADC] of R15 on F.Cu
    @(7.4250 mm, 155.3700 mm): Pad 1 [VBAT_ADC] of C10 on F.Cu
[unconnected_items]: Missing connection between items
    Local override; error
    @(9.0250 mm, 151.3700 mm): Pad 2 [VBAT_ADC] of R14 on F.Cu
    @(7.3750 mm, 153.3700 mm): Pad 1 [VBAT_ADC] of R15 on F.Cu
[unconnected_items]: Missing connection between items
    Local override; error
    @(9.0250 mm, 151.3700 mm): Pad 2 [VBAT_ADC] of R14 on F.Cu
    @(48.2800 mm, 95.3300 mm): Pad 39 [VBAT_ADC] of U1 on B.Cu
[unconnected_items]: Missing connection between items
    Local override; error
    @(31.7900 mm, 109.7950 mm): Pad 16 [BL_PWM] of U1 on B.Cu
    @(51.6400 mm, 136.6550 mm): Pad 1 [BL_PWM] of R8 on F.Cu
[unconnected_items]: Missing connection between items
    Local override; error
    @(51.6400 mm, 135.0050 mm): Pad 2 [BL_G] of R8 on F.Cu
    @(54.8400 mm, 136.6550 mm): Pad 1 [BL_G] of R9 on F.Cu
[unconnected_items]: Missing connection between items
    Local override; error
    @(52.3025 mm, 131.0800 mm): Pad 1 [BL_G] of Q2 on F.Cu
    @(51.6400 mm, 135.0050 mm): Pad 2 [BL_G] of R8 on F.Cu
[unconnected_items]: Missing connection between items
    Local override; error
    @(23.7700 mm, 174.0550 mm): Pad 1 [CC1] of R17 on F.Cu
    @(29.1200 mm, 173.7850 mm): Pad A5 [CC1] of J3 on F.Cu
[unconnected_items]: Missing connection between items
    Local override; error
    @(31.1200 mm, 173.7850 mm): Track [USB_DP] on F.Cu, length 2.4000 mm
    @(33.0400 mm, 112.8300 mm): Pad 14 [USB_DP] of U1 on B.Cu
[unconnected_items]: Missing connection between items
    Local override; error
    @(30.6200 mm, 172.4850 mm): Via [USB_DN] on F.Cu - B.Cu
    @(34.3100 mm, 112.8300 mm): Pad 13 [USB_DN] of U1 on B.Cu
[unconnected_items]: Missing connection between items
    Local override; error
    @(32.1200 mm, 173.7850 mm): Pad B5 [CC2] of J3 on F.Cu
    @(36.9700 mm, 174.0550 mm): Pad 1 [CC2] of R18 on F.Cu
[unconnected_items]: Missing connection between items
    Local override; error
    @(29.1200 mm, 5.0200 mm): Pad 1 [LED_K] of D1 on F.Cu
    @(31.3075 mm, 12.7200 mm): Pad 3 [LED_K] of Q1 on F.Cu
[unconnected_items]: Missing connection between items
    Local override; error
    @(34.9200 mm, 5.0200 mm): Pad 1 [LED_K] of D2 on F.Cu
    @(29.1200 mm, 5.0200 mm): Pad 1 [LED_K] of D1 on F.Cu
[unconnected_items]: Missing connection between items
    Local override; error
    @(31.6200 mm, 5.0200 mm): Pad 2 [LED2_A] of D2 on F.Cu
    @(33.2700 mm, 7.8950 mm): Pad 2 [LED2_A] of R3 on F.Cu
[unconnected_items]: Missing connection between items
    Local override; error
    @(38.1200 mm, 66.2868 mm): Pad 41 [LCD_RST] of J1 on F.Cu
    @(19.6200 mm, 66.2868 mm): Pad 4 [LCD_RST] of J1 on F.Cu
[unconnected_items]: Missing connection between items
    Local override; error
    @(52.4650 mm, 141.6300 mm): Pad 1 [LCD_RST] of C15 on F.Cu
    @(54.0650 mm, 139.8300 mm): Pad 2 [LCD_RST] of R10 on F.Cu
[unconnected_items]: Missing connection between items
    Local override; error
    @(54.0650 mm, 139.8300 mm): Pad 2 [LCD_RST] of R10 on F.Cu
    @(38.1200 mm, 66.2868 mm): Pad 41 [LCD_RST] of J1 on F.Cu
[unconnected_items]: Missing connection between items
    Local override; error
    @(7.0000 mm, 111.3450 mm): Pad 1 [DRV_REG] of C7 on F.Cu
    @(9.3000 mm, 112.1700 mm): Pad 1 [DRV_REG] of U3 on F.Cu
[unconnected_items]: Missing connection between items
    Local override; error
    @(7.0000 mm, 116.7950 mm): Pad 1 [DRV_EN] of R11 on F.Cu
    @(9.3000 mm, 114.1700 mm): Pad 5 [DRV_EN] of U3 on F.Cu
[unconnected_items]: Missing connection between items
    Local override; error
    @(36.8500 mm, 112.8300 mm): Pad 11 [K_PLEX] of U1 on B.Cu
    @(41.3700 mm, 155.3050 mm): Pad 2 [K_PLEX] of SW9 on F.Cu
[unconnected_items]: Missing connection between items
    Local override; error
    @(25.8200 mm, 5.0200 mm): Pad 2 [LED1_A] of D1 on F.Cu
    @(27.4700 mm, 7.8950 mm): Pad 2 [LED1_A] of R2 on F.Cu
[unconnected_items]: Missing connection between items
    Local override; error
    @(25.0450 mm, 13.7200 mm): Pad 1 [IR_TX] of R4 on F.Cu
    @(31.7900 mm, 97.0950 mm): Pad 26 [IR_TX] of U1 on B.Cu
[unconnected_items]: Missing connection between items
    Local override; error
    @(29.4325 mm, 11.7700 mm): Pad 1 [IR_G] of Q1 on F.Cu
    @(26.6950 mm, 13.7200 mm): Pad 2 [IR_G] of R4 on F.Cu
[unconnected_items]: Missing connection between items
    Local override; error
    @(30.4950 mm, 15.2200 mm): Pad 2 [IR_G] of R5 on F.Cu
    @(29.4325 mm, 11.7700 mm): Pad 1 [IR_G] of Q1 on F.Cu
[unconnected_items]: Missing connection between items
    Local override; error
    @(41.3700 mm, 98.0550 mm): Pad 2 [K_PWR] of SW14 on F.Cu
    @(31.7900 mm, 103.4450 mm): Pad 21 [K_PWR] of U1 on B.Cu
[unconnected_items]: Missing connection between items
    Local override; error
    @(22.3700 mm, 119.8050 mm): Pad 2 [K_LEFT] of SW4 on F.Cu
    @(43.2000 mm, 112.8300 mm): Pad 6 [K_LEFT] of U1 on B.Cu
[unconnected_items]: Missing connection between items
    Local override; error
    @(31.7900 mm, 107.2550 mm): Pad 18 [K_VOLUP] of U1 on B.Cu
    @(37.3700 mm, 165.3050 mm): Pad 2 [K_VOLUP] of SW12 on F.Cu
[unconnected_items]: Missing connection between items
    Local override; error
    @(33.3700 mm, 143.3050 mm): Pad 2 [K_HOME] of SW7 on F.Cu
    @(39.3900 mm, 112.8300 mm): Pad 9 [K_HOME] of U1 on B.Cu
[unconnected_items]: Missing connection between items
    Local override; error
    @(45.7400 mm, 112.8300 mm): Pad 4 [K_UP] of U1 on B.Cu
    @(33.3700 mm, 108.8050 mm): Pad 2 [K_UP] of SW1 on F.Cu
[unconnected_items]: Missing connection between items
    Local override; error
    @(42.6200 mm, 66.2868 mm): Pad 50 [BL_A] of J1 on F.Cu
    @(51.6400 mm, 126.1675 mm): Pad 2 [BL_A] of R6 on F.Cu
[unconnected_items]: Missing connection between items
    Local override; error
    @(51.6400 mm, 126.1675 mm): Pad 2 [BL_A] of R6 on F.Cu
    @(54.8400 mm, 126.1675 mm): Pad 2 [BL_A] of R7 on F.Cu
[unconnected_items]: Missing connection between items
    Local override; error
    @(23.3700 mm, 165.3050 mm): Pad 2 [K_VOLDN] of SW13 on F.Cu
    @(31.7900 mm, 105.9850 mm): Pad 19 [K_VOLDN] of U1 on B.Cu
[unconnected_items]: Missing connection between items
    Local override; error
    @(44.3700 mm, 119.8050 mm): Pad 2 [K_RIGHT] of SW2 on F.Cu
    @(44.4700 mm, 112.8300 mm): Pad 5 [K_RIGHT] of U1 on B.Cu
[unconnected_items]: Missing connection between items
    Local override; error
    @(20.1200 mm, 66.2868 mm): Pad 5 [TP_INT] of J1 on F.Cu
    @(31.7900 mm, 102.1750 mm): Pad 22 [TP_INT] of U1 on B.Cu
[unconnected_items]: Missing connection between items
    Local override; error
    @(24.6200 mm, 66.2868 mm): Pad 14 [LCD_DC] of J1 on F.Cu
    @(31.7900 mm, 100.9050 mm): Pad 23 [LCD_DC] of U1 on B.Cu
[unconnected_items]: Missing connection between items
    Local override; error
    @(25.1200 mm, 66.2868 mm): Pad 15 [LCD_WR] of J1 on F.Cu
    @(44.4700 mm, 95.3300 mm): Pad 36 [LCD_WR] of U1 on B.Cu
[unconnected_items]: Missing connection between items
    Local override; error
    @(27.1200 mm, 66.2868 mm): Pad 19 [LCD_D0] of J1 on F.Cu
    @(34.3100 mm, 95.3300 mm): Pad 28 [LCD_D0] of U1 on B.Cu
[unconnected_items]: Missing connection between items
    Local override; error
    @(27.6200 mm, 66.2868 mm): Pad 20 [LCD_D1] of J1 on F.Cu
    @(35.5800 mm, 95.3300 mm): Pad 29 [LCD_D1] of U1 on B.Cu
[unconnected_items]: Missing connection between items
    Local override; error
    @(28.1200 mm, 66.2868 mm): Pad 21 [LCD_D2] of J1 on F.Cu
    @(36.8500 mm, 95.3300 mm): Pad 30 [LCD_D2] of U1 on B.Cu
[unconnected_items]: Missing connection between items
    Local override; error
    @(28.6200 mm, 66.2868 mm): Pad 22 [LCD_D3] of J1 on F.Cu
    @(38.1200 mm, 95.3300 mm): Pad 31 [LCD_D3] of U1 on B.Cu
[unconnected_items]: Missing connection between items
    Local override; error
    @(29.1200 mm, 66.2868 mm): Pad 23 [LCD_D4] of J1 on F.Cu
    @(39.3900 mm, 95.3300 mm): Pad 32 [LCD_D4] of U1 on B.Cu
[unconnected_items]: Missing connection between items
    Local override; error
    @(29.6200 mm, 66.2868 mm): Pad 24 [LCD_D5] of J1 on F.Cu
    @(40.6600 mm, 95.3300 mm): Pad 33 [LCD_D5] of U1 on B.Cu
[unconnected_items]: Missing connection between items
    Local override; error
    @(30.1200 mm, 66.2868 mm): Pad 25 [LCD_D6] of J1 on F.Cu
    @(41.9300 mm, 95.3300 mm): Pad 34 [LCD_D6] of U1 on B.Cu
[unconnected_items]: Missing connection between items
    Local override; error
    @(30.6200 mm, 66.2868 mm): Pad 26 [LCD_D7] of J1 on F.Cu
    @(45.7400 mm, 95.3300 mm): Pad 37 [LCD_D7] of U1 on B.Cu
[unconnected_items]: Missing connection between items
    Local override; error
    @(42.1200 mm, 66.2868 mm): Pad 49 [BL_K] of J1 on F.Cu
    @(41.6200 mm, 66.2868 mm): Pad 48 [BL_K] of J1 on F.Cu
[unconnected_items]: Missing connection between items
    Local override; error
    @(54.1775 mm, 132.0300 mm): Pad 3 [BL_K] of Q2 on F.Cu
    @(42.1200 mm, 66.2868 mm): Pad 49 [BL_K] of J1 on F.Cu
[unconnected_items]: Missing connection between items
    Local override; error
    @(33.3700 mm, 119.8050 mm): Pad 2 [K_OK] of SW3 on F.Cu
    @(33.0400 mm, 95.3300 mm): Pad 27 [K_OK] of U1 on B.Cu
[unconnected_items]: Missing connection between items
    Local override; error
    @(19.3700 mm, 143.3050 mm): Pad 2 [K_MUTE] of SW8 on F.Cu
    @(38.1200 mm, 112.8300 mm): Pad 10 [K_MUTE] of U1 on B.Cu

** Found 0 Footprint errors **

** Ignored checks **
    - Footprint has no courtyard defined
    - Track endpoint not centered on via
    - Tuning profile track geometries
    - Footprint doesn't match symbol's footprint filters
    - Footprint component type doesn't match footprint pads

** End of Report **
